[rentalmobilbatam.id/index.html]
[backblue.gif]
[fade.gif]
[index.html]
[rentalmobilbatam.id/wp-content/uploads/2024/11/logo-baru-rentalmobilbatam.id-Final.webp]
[rentalmobilbatam.id/wp-content/cache/speedycache/rentalmobilbatam.id/assets/39fcd95cf7bf6469-woocommerce-smallscreen.css]
[rentalmobilbatam.id/wp-content/cache/speedycache/rentalmobilbatam.id/assets/35433fa61039d4ca-style.css]
[rentalmobilbatam.id/wp-content/plugins/webforia-whatsapp-chat/assets/css/theme-support.min8a54.css]
[rentalmobilbatam.id/wp-content/plugins/webforia-whatsapp-chat/assets/css/whatsapp-chat.minbfce.css]
[rentalmobilbatam.id/feed/index.html]
[rentalmobilbatam.id/wp-content/plugins/webforia-shop-booster/assets/css/shop-booster.mind315.css]
[rentalmobilbatam.id/wp-content/cache/speedycache/rentalmobilbatam.id/assets/ac70b8198afd4695-frontend.css]
[rentalmobilbatam.id/wp-content/themes/saudagarwp/assets/css/woocommerce/woocommerce.minf86b.css]
[rentalmobilbatam.id/wp-content/themes/saudagarwp/assets/swiper/v8/swiper-bundle.min94a4.css]
[rentalmobilbatam.id/comments/feed/index.html]
[rentalmobilbatam.id/wp-content/themes/saudagarwp/assets/css/animate.min8aee.css]
[rentalmobilbatam.id/wp-content/themes/saudagarwp/assets/css/global-style.min8a54.css]
[rentalmobilbatam.id/wp-content/themes/saudagarwp/assets/css/retheme.mindeba.css]
[rentalmobilbatam.id/wp-includes/js/jquery/jquery.minf43b.js]
[rentalmobilbatam.id/wp-content/plugins/woocommerce/assets/js/jquery-blockui/jquery.blockUI.min887b.js]
[rentalmobilbatam.id/wp-content/plugins/woocommerce/assets/js/frontend/add-to-cart.min6f03.js]
[rentalmobilbatam.id/wp-content/plugins/woocommerce/assets/js/js-cookie/js.cookie.min927b.js]
[rentalmobilbatam.id/wp-content/plugins/woocommerce/assets/js/frontend/woocommerce.min6f03.js]
[rentalmobilbatam.id/wp-includes/js/zxcvbn-async.min5152.js]
[rentalmobilbatam.id/wp-includes/js/dist/hooks.min4fdd.js]
[rentalmobilbatam.id/wp-includes/js/dist/i18n.minc33c.js]
[rentalmobilbatam.id/wp-admin/js/password-strength-meter.min9704.js]
[rentalmobilbatam.id/wp-content/plugins/woocommerce/assets/js/frontend/password-strength-meter.min6f03.js]
[rentalmobilbatam.id/wp-content/plugins/woocommerce/assets/js/frontend/cart-fragments.min6f03.js]
[rentalmobilbatam.id/wp-json/wp/v2/pages/205.json]
[rentalmobilbatam.id/wp-json/index.html]
[rentalmobilbatam.id/xmlrpc0db0.php]
[rentalmobilbatam.id/wp-json/oembed/1.0/embed9e58.json]
[rentalmobilbatam.id/wp-json/oembed/1.0/embed7804]
[rentalmobilbatam.id/wp-content/plugins/woocommerce/assets/fonts/Inter-VariableFont_slnt,wght.woff2]
[rentalmobilbatam.id/wp-content/plugins/woocommerce/assets/fonts/cardo_normal_400.woff2]
[rentalmobilbatam.id/wp-content/uploads/2024/11/cropped-LOGO-512-final-1-32x32.webp]
[rentalmobilbatam.id/wp-content/uploads/2024/11/cropped-LOGO-512-final-1-192x192.webp]
[rentalmobilbatam.id/wp-content/uploads/2024/11/cropped-LOGO-512-final-1-180x180.webp]
[rentalmobilbatam.id/wp-content/plugins/themify-builder/js/themify-builder-scriptb2f5.js]
[rentalmobilbatam.id/wp-content/cache/speedycache/rentalmobilbatam.id/assets/1691053811ccee25-themify-575898932.css]
[rentalmobilbatam.id/wp-content/fonts/poppins/pxiByp8kv8JHgFVrLEj6Z1JlE92JQEl8qw.woff]
[rentalmobilbatam.id/wp-content/fonts/poppins/pxiByp8kv8JHgFVrLEj6Z1xlE92JQEk.woff]
[rentalmobilbatam.id/wp-content/fonts/lato/S6uyw4BMUTPHjxAwWCWtFCfQ7A.woff]
[rentalmobilbatam.id/wp-content/fonts/lato/S6uyw4BMUTPHjx4wWCWtFCc.woff]
[rentalmobilbatam.id/wp-content/fonts/lato/S6u9w4BMUTPHh6UVSwaPHw3q5d0N7w.woff]
[rentalmobilbatam.id/wp-content/fonts/lato/S6u9w4BMUTPHh6UVSwiPHw3q5d0.woff]
[rentalmobilbatam.id/wp-content/fonts/inter/UcCO3FwrK3iLTeHuS_nVMrMxCp50SjIw2boKoduKmMEVuGKYAZJhjp-Ek-_0ewmM.woff]
[rentalmobilbatam.id/wp-content/fonts/inter/UcCO3FwrK3iLTeHuS_nVMrMxCp50SjIw2boKoduKmMEVuGKYAZthjp-Ek-_0ewmM.woff]
[rentalmobilbatam.id/wp-content/fonts/inter/UcCO3FwrK3iLTeHuS_nVMrMxCp50SjIw2boKoduKmMEVuGKYAZNhjp-Ek-_0ewmM.woff]
[rentalmobilbatam.id/wp-content/fonts/inter/UcCO3FwrK3iLTeHuS_nVMrMxCp50SjIw2boKoduKmMEVuGKYAZxhjp-Ek-_0ewmM.woff]
[rentalmobilbatam.id/wp-content/fonts/inter/UcCO3FwrK3iLTeHuS_nVMrMxCp50SjIw2boKoduKmMEVuGKYAZBhjp-Ek-_0ewmM.woff]
[rentalmobilbatam.id/wp-content/fonts/inter/UcCO3FwrK3iLTeHuS_nVMrMxCp50SjIw2boKoduKmMEVuGKYAZFhjp-Ek-_0ewmM.woff]
[rentalmobilbatam.id/wp-content/fonts/inter/UcCO3FwrK3iLTeHuS_nVMrMxCp50SjIw2boKoduKmMEVuGKYAZ9hjp-Ek-_0ew.woff]
[rentalmobilbatam.id/wp-content/uploads/2024/11/banner-mobil-suv-rentalmobilbatam.id_.webp]
[rentalmobilbatam.id/wp-content/uploads/2024/11/banner-mobil-mpv-rentalmobilbatam.id_.webp]
[rentalmobilbatam.id/wp-content/uploads/2024/11/kategori-kuing-kotak-bulat.png]
[rentalmobilbatam.id/wp-content/uploads/2024/11/armada-kuning.png]
[rentalmobilbatam.id/wp-content/uploads/2024/11/chat-whatsapp-kuning.webp]
[rentalmobilbatam.id/wp-content/uploads/2024/11/testimoni-kuning.webp]
[rentalmobilbatam.id/wp-content/uploads/2024/11/syarat-keteentuan-kuning.webp]
[rentalmobilbatam.id/wp-content/uploads/2024/11/alamat-kami-kuning.webp]
[rentalmobilbatam.id/wp-content/uploads/2024/11/rekening-kuning.webp]
[rentalmobilbatam.id/wp-content/uploads/2024/11/facebook-yellow.webp]
[rentalmobilbatam.id/wp-content/uploads/2024/11/instagram-yellow.webp]
[rentalmobilbatam.id/wp-content/uploads/2024/11/tiktok-kuning.webp]
[rentalmobilbatam.id/kategori-mobil/semua-mobil/index.html]
[rentalmobilbatam.id/wp-content/uploads/2024/10/armada-kami-.jpg]
[rentalmobilbatam.id/wp-content/uploads/2024/10/unit-terawat.jpg]
[rentalmobilbatam.id/alamat/index.html]
[rentalmobilbatam.id/wp-content/uploads/2024/10/driver-profesional.jpg]
[rentalmobilbatam.id/wp-content/uploads/2024/10/membership.jpg]
[rentalmobilbatam.id/wp-content/uploads/2024/10/layanan-terbaik.jpg]
[rentalmobilbatam.id/rekening/index.html]
[kit.fontawesome.com/9a67287250.js]
[rentalmobilbatam.id/kategori-mobil/mobil-suv/index.html]
[rentalmobilbatam.id/kategori/index.html]
[rentalmobilbatam.id/kategori-mobil/mobil-mpv/index.html]
[rentalmobilbatam.id/wp-content/uploads/2024/11/Agya-sewa-mobil-avanza-batam-rentalmobilbatam.id_-300x300.webp]
[rentalmobilbatam.id/wp-content/uploads/2024/11/rocky-sewa-mobil-avanza-batam-rentalmobilbatam.id_-300x300.webp]
[rentalmobilbatam.id/wp-content/uploads/2024/11/rocky-sewa-mobil-avanza-batam-rentalmobilbatam.id-1-300x300.webp]
[rentalmobilbatam.id/wp-content/uploads/2024/11/alphard-sewa-mobil-avanza-batam-rentalmobilbatam.id_-300x300.webp]
[rentalmobilbatam.id/wp-content/uploads/2024/11/fortuner-sewa-mobil-avanza-batam-rentalmobilbatam.id_-300x300.webp]
[rentalmobilbatam.id/wp-content/uploads/2024/11/hiace-commuter-sewa-mobil-avanza-batam-rentalmobilbatam.id_-300x300.webp]
[rentalmobilbatam.id/testimoni/index.html]
[rentalmobilbatam.id/wp-content/uploads/2024/11/innova-zenix-sewa-mobil-avanza-batam-rentalmobilbatam.id_-300x300.webp]
[rentalmobilbatam.id/wp-content/uploads/2024/11/innova-reborn-sewa-mobil-avanza-batam-rentalmobilbatam.id_-300x300.webp]
[rentalmobilbatam.id/wp-content/uploads/2024/11/cropped-LOGO-512-final-150x150.webp]
[rentalmobilbatam.id/wp-content/cache/speedycache/rentalmobilbatam.id/assets/7c24ec1d1c30bf1c-wc-blocks.css]
[rentalmobilbatam.id/syarat-dan-ketentuan/index.html]
[rentalmobilbatam.id/wp-content/cache/speedycache/rentalmobilbatam.id/assets/3c4a777512e3ed51-main.js]
[rentalmobilbatam.id/wp-content/cache/speedycache/rentalmobilbatam.id/assets/3b78c5a48e5e88d4-main.js]
[rentalmobilbatam.id/wp-content/cache/speedycache/rentalmobilbatam.id/assets/41e12b45f60f84b5-instantpage.js]
[rentalmobilbatam.id/wp-content/themes/saudagarwp/assets/js/animate.minaff7.js]
[rentalmobilbatam.id/wp-content/plugins/webforia-whatsapp-chat/assets/js/whatsapp-chat.minf39e.js]
[rentalmobilbatam.id/wp-content/plugins/webforia-shop-booster/assets/js/countdown.min001e.js]
[rentalmobilbatam.id/mobil/suzuki-ignis/index.html]
[rentalmobilbatam.id/wp-content/plugins/webforia-shop-booster/assets/js/sales-notif.min254d.js]
[rentalmobilbatam.id/wp-content/plugins/woocommerce/assets/js/sourcebuster/sourcebuster.min6f03.js]
[rentalmobilbatam.id/wp-content/plugins/woocommerce/assets/js/frontend/order-attribution.min6f03.js]
[rentalmobilbatam.id/wp-content/cache/speedycache/rentalmobilbatam.id/assets/50036a8cbc52e5f2-frontend.js]
[rentalmobilbatam.id/index1c77.html]
[rentalmobilbatam.id/wp-content/themes/saudagarwp/core/classes/assets/js/ajax-loop.min6e0e.js]
[rentalmobilbatam.id/wp-content/themes/saudagarwp/assets/js/woocommerce/woocommerce.minee8b.js]
[rentalmobilbatam.id/wp-content/themes/saudagarwp/assets/js/woocommerce/add-to-cart.min6e0e.js]
[rentalmobilbatam.id/wp-content/themes/saudagarwp/assets/swiper/v8/swiper-bundle.min94a4.js]
[rentalmobilbatam.id/wp-content/themes/saudagarwp/assets/swiper/v8/retheme-swiper.minbfce.js]
[rentalmobilbatam.id/mobil/rocky-lepas-kunci/index.html]
[rentalmobilbatam.id/wp-content/themes/saudagarwp/assets/js/helper.min8a54.js]
[rentalmobilbatam.id/wp-content/themes/saudagarwp/assets/js/main/accordion.min001e.js]
[rentalmobilbatam.id/wp-content/themes/saudagarwp/assets/js/main/form.min001e.js]
[rentalmobilbatam.id/wp-content/themes/saudagarwp/assets/js/main/menu.min001e.js]
[rentalmobilbatam.id/index956b.html]
[rentalmobilbatam.id/wp-content/themes/saudagarwp/assets/js/main/modal.min001e.js]
[rentalmobilbatam.id/wp-content/themes/saudagarwp/assets/js/main/sidepanel.min001e.js]
[rentalmobilbatam.id/wp-content/themes/saudagarwp/assets/js/main/tab.min001e.js]
[rentalmobilbatam.id/wp-content/themes/saudagarwp/assets/js/main/main.mincce7.js]
[rentalmobilbatam.id/index.html]
[rentalmobilbatam.id/wp-content/cache/speedycache/rentalmobilbatam.id/assets/39fcd95cf7bf6469-woocommerce-smallscreen.css]
[rentalmobilbatam.id/mobil/alphard-all-in/index.html]
[rentalmobilbatam.id/wp-content/cache/speedycache/rentalmobilbatam.id/assets/35433fa61039d4ca-style.css]
[rentalmobilbatam.id/indexd9b3.html]
[rentalmobilbatam.id/mobil/toyota-fortuner/index.html]
[rentalmobilbatam.id/mobil/hiace-commuter-all-in/index.html]
[rentalmobilbatam.id/wp-content/plugins/webforia-whatsapp-chat/assets/css/theme-support.min8a54.css]
[rentalmobilbatam.id/index127c.html]
[rentalmobilbatam.id/mobil/innova-zenix/index.html]
[rentalmobilbatam.id/mobil/mobilio-lepas-kunci/index.html]
[rentalmobilbatam.id/mobil/innova-reborn/index.html]
[rentalmobilbatam.id/index9a21.html]
[rentalmobilbatam.id/wp-content/plugins/webforia-whatsapp-chat/assets/img/whatsapp.svg]
[rentalmobilbatam.id/wp-content/plugins/webforia-whatsapp-chat/assets/css/whatsapp-chat.minbfce.css]
[rentalmobilbatam.id/wp-content/plugins/webforia-shop-booster/assets/css/shop-booster.mind315.css]
[rentalmobilbatam.id/wp-content/cache/speedycache/rentalmobilbatam.id/assets/ac70b8198afd4695-frontend.css]
[rentalmobilbatam.id/wp-content/themes/saudagarwp/assets/woo/fonts/star.eot]
[rentalmobilbatam.id/wp-content/themes/saudagarwp/assets/woo/fonts/stard41d.eot]
[rentalmobilbatam.id/wp-content/themes/saudagarwp/assets/woo/fonts/star.woff]
[rentalmobilbatam.id/wp-content/themes/saudagarwp/assets/woo/fonts/star.ttf]
[rentalmobilbatam.id/akun/lost-password/index.html]
[rentalmobilbatam.id/wp-content/themes/saudagarwp/assets/woo/fonts/star.svg]
[rentalmobilbatam.id/produk/index.html]
[rentalmobilbatam.id/wp-content/themes/saudagarwp/assets/woo/fonts/WooCommerce.eot]
[rentalmobilbatam.id/wp-content/themes/saudagarwp/assets/woo/fonts/WooCommerced41d.eot]
[rentalmobilbatam.id/wp-content/themes/saudagarwp/assets/woo/fonts/WooCommerce.woff]
[rentalmobilbatam.id/wp-content/themes/saudagarwp/assets/woo/fonts/WooCommerce.ttf]
[rentalmobilbatam.id/wp-content/themes/saudagarwp/assets/woo/fonts/WooCommerce.svg]
[rentalmobilbatam.id/wp-content/themes/saudagarwp/assets/img/arrow-right.svg]
[rentalmobilbatam.id/wp-content/themes/saudagarwp/assets/img/spiner.svg]
[rentalmobilbatam.id/wp-content/themes/saudagarwp/assets/css/woocommerce/woocommerce.minf86b.css]
[rentalmobilbatam.id/wp-content/themes/saudagarwp/assets/swiper/v8/swiper-bundle.min94a4.css]
[rentalmobilbatam.id/wp-content/themes/saudagarwp/assets/css/animate.min8aee.css]
[rentalmobilbatam.id/wp-content/themes/saudagarwp/assets/css/global-style.min8a54.css]
[rentalmobilbatam.id/wp-content/themes/saudagarwp/assets/img/spiner-light.svg]
[rentalmobilbatam.id/wp-content/themes/saudagarwp/assets/img/quote.svg]
[rentalmobilbatam.id/wp-content/themes/saudagarwp/assets/css/retheme.mindeba.css]
[rentalmobilbatam.id/wp-content/cache/speedycache/rentalmobilbatam.id/assets/1691053811ccee25-themify-575898932.css]
[rentalmobilbatam.id/wp-content/cache/speedycache/rentalmobilbatam.id/assets/31e75fa2e5b10ce4-frontend-list-products.css]
[rentalmobilbatam.id/kategori-mobil/semua-mobil/feed/index.html]
[rentalmobilbatam.id/wp-json/wp/v2/product_cat/44.json]
[rentalmobilbatam.id/wp-content/cache/speedycache/rentalmobilbatam.id/assets/bc2a40f007fb2626-themify-3208688772.css]
[rentalmobilbatam.id/wp-content/uploads/2024/11/rush-rentalmobildijakarta24jam.com-1-300x300.webp]
[rentalmobilbatam.id/wp-content/uploads/2024/11/agya-trd-rentalmobildijakarta24jam.com_-300x300.webp]
[rentalmobilbatam.id/wp-content/uploads/2024/11/rush-sewa-mobil-avanza-batam-rentalmobilbatam.id_-300x300.webp]
[rentalmobilbatam.id/wp-content/uploads/2022/01/new-xenia-rentalmobildijakarta24jam.com-1-300x300.webp]
[rentalmobilbatam.id/wp-content/uploads/2022/01/xpander-sewa-mobil-avanza-batam-rentalmobilbatam.id_-300x300.webp]
[rentalmobilbatam.id/wp-content/uploads/2022/01/new-avanza-sewa-mobil-avanza-batam-rentalmobilbatam.id_-300x300.webp]
[rentalmobilbatam.id/wp-content/uploads/2019/01/new-avanza-sewa-mobil-avanza-batam-rentalmobilbatam.id-1-300x300.webp]
[rentalmobilbatam.id/wp-content/uploads/2019/01/brio-sewa-mobil-avanza-batam-rentalmobilbatam.id_-300x300.webp]
[rentalmobilbatam.id/wp-includes/js/jquery/ui/core.minb37e.js]
[rentalmobilbatam.id/kategori-mobil/semua-mobil/index1c77.html]
[rentalmobilbatam.id/wp-includes/js/jquery/ui/mouse.minb37e.js]
[rentalmobilbatam.id/wp-includes/js/jquery/ui/slider.minb37e.js]
[rentalmobilbatam.id/kategori-mobil/semua-mobil/index956b.html]
[rentalmobilbatam.id/wp-content/plugins/woocommerce/assets/js/jquery-ui-touch-punch/jquery-ui-touch-punch.min6f03.js]
[rentalmobilbatam.id/wp-content/plugins/woocommerce/assets/js/accounting/accounting.minaffb.js]
[rentalmobilbatam.id/wp-content/plugins/woocommerce/assets/js/frontend/price-slider.min6f03.js]
[rentalmobilbatam.id/kategori-mobil/semua-mobil/index.html]
[rentalmobilbatam.id/kategori-mobil/semua-mobil/indexd9b3.html]
[rentalmobilbatam.id/kategori-mobil/semua-mobil/index127c.html]
[rentalmobilbatam.id/mobil/toyota-rush/index.html]
[rentalmobilbatam.id/kategori-mobil/semua-mobil/index9a21.html]
[rentalmobilbatam.id/wp-json/wp/v2/pages/6246.json]
[rentalmobilbatam.id/mobil/agya-trd-lepas-kunci/index.html]
[rentalmobilbatam.id/kategori-mobil/semua-mobil/indexae57.html]
[rentalmobilbatam.id/mobil/brio-lepas-kunci/index.html]
[rentalmobilbatam.id/wp-json/oembed/1.0/embed70b9.json]
[rentalmobilbatam.id/kategori-mobil/semua-mobil/index0b74.html]
[rentalmobilbatam.id/mobil/daihatsu-xenia/index.html]
[rentalmobilbatam.id/mobil/mitsubishi-xpander/index.html]
[rentalmobilbatam.id/wp-json/oembed/1.0/embed4a44]
[rentalmobilbatam.id/mobil/toyota-avanza/index.html]
[rentalmobilbatam.id/wp-content/cache/speedycache/rentalmobilbatam.id/assets/2042971a9abe498b-themify-2075689554.css]
[kit.fontawesome.com/a076d05399.86.delayed]
[rentalmobilbatam.id/mobil/calya-lepas-kunci/index.html]
[rentalmobilbatam.id/wp-content/uploads/2024/10/ALAMAT-KAMI.webp]
[rentalmobilbatam.id/alamat/index.html]
[rentalmobilbatam.id/kategori-mobil/semua-mobil/indexa528.html]
[rentalmobilbatam.id/mobil/agya-gr-lepas-kunci/index.html]
[rentalmobilbatam.id/kategori-mobil/city-car/index.html]
[rentalmobilbatam.id/kategori-mobil/semua-mobil/index345f.html]
[rentalmobilbatam.id/wp-json/wp/v2/pages/4547.json]
[rentalmobilbatam.id/kategori-mobil/honda/index.html]
[rentalmobilbatam.id/kategori-mobil/daihatsu/index.html]
[rentalmobilbatam.id/kategori-mobil/mini-bus/index.html]
[rentalmobilbatam.id/kategori-mobil/mitsubishi/index.html]
[rentalmobilbatam.id/wp-json/oembed/1.0/embed2012.json]
[rentalmobilbatam.id/kategori-mobil/mobil-vip/index.html]
[rentalmobilbatam.id/kategori-mobil/suzuki/index.html]
[rentalmobilbatam.id/wp-json/oembed/1.0/embed76e9]
[rentalmobilbatam.id/wp-content/cache/speedycache/rentalmobilbatam.id/assets/9c0f5cc9c66e5a88-themify-3680924108.css]
[rentalmobilbatam.id/kategori-mobil/toyota/index.html]
[rentalmobilbatam.id/wp-content/uploads/2024/10/Rekening-bank-header.webp]
[rentalmobilbatam.id/wp-content/uploads/2024/11/BCA.png]
[rentalmobilbatam.id/wp-content/uploads/2024/11/MANDIRI.png]
[rentalmobilbatam.id/rekening/index.html]
[rentalmobilbatam.id/kategori-mobil/mobil-suv/feed/index.html]
[rentalmobilbatam.id/wp-json/wp/v2/product_cat/48.json]
[rentalmobilbatam.id/kategori-mobil/mobil-suv/index.html]
[rentalmobilbatam.id/kategori-mobil/mobil-mpv/feed/index.html]
[rentalmobilbatam.id/wp-json/wp/v2/product_cat/45.json]
[rentalmobilbatam.id/kategori-mobil/mobil-mpv/index.html]
[rentalmobilbatam.id/wp-json/wp/v2/pages/2.json]
[rentalmobilbatam.id/kategori-mobil/mobil-mpv/indexa528.html]
[rentalmobilbatam.id/kategori-mobil/mobil-mpv/index9a21.html]
[rentalmobilbatam.id/wp-json/oembed/1.0/embed9cd3.json]
[rentalmobilbatam.id/wp-json/oembed/1.0/embedf07d]
[rentalmobilbatam.id/wp-content/cache/speedycache/rentalmobilbatam.id/assets/926b9f74afc4aa84-themify-2088235334.css]
[rentalmobilbatam.id/wp-content/uploads/2024/10/kategori-header-new.webp]
[rentalmobilbatam.id/wp-content/uploads/2024/10/ARMADA-KAMI-SEMUA-MOBIL.jpg]
[rentalmobilbatam.id/wp-content/uploads/2024/10/kategori-mobil-mpv.jpg]
[rentalmobilbatam.id/wp-content/uploads/2024/10/CITY-CAR-KATEGORI.jpg]
[rentalmobilbatam.id/wp-content/uploads/2024/10/mobil-suv-KATEGORI.jpg]
[rentalmobilbatam.id/wp-content/uploads/2024/10/Luxury-KATEGORI.jpg]
[rentalmobilbatam.id/wp-content/uploads/2024/10/MEREK-TOYOTA-KATEGORI.jpg]
[rentalmobilbatam.id/wp-content/uploads/2024/10/MEREK-MITSUBISHI-KATEGORI-.jpg]
[rentalmobilbatam.id/wp-content/uploads/2024/10/MEREK-DAIHATSU-KATEGORI.jpg]
[rentalmobilbatam.id/wp-content/uploads/2024/10/MEREK-HONDA-KATEGORI.jpg]
[rentalmobilbatam.id/wp-content/uploads/2024/10/SUZUKI.jpg]
[rentalmobilbatam.id/kategori/index.html]
[rentalmobilbatam.id/wp-json/wp/v2/pages/5425.json]
[rentalmobilbatam.id/wp-json/oembed/1.0/embed2201.json]
[rentalmobilbatam.id/wp-json/oembed/1.0/embedaac9]
[rentalmobilbatam.id/wp-content/cache/speedycache/rentalmobilbatam.id/assets/3c1ce6dd6b1ca783-themify-1466880229.css]
[rentalmobilbatam.id/wp-content/uploads/2024/10/google-review-header.webp]
[widget.taggbox.com/embed-lite.min.a5.delayed]
[rentalmobilbatam.id/testimoni/index.html]
[rentalmobilbatam.id/wp-json/wp/v2/pages/7108.json]
[rentalmobilbatam.id/wp-json/oembed/1.0/embedc580.json]
[rentalmobilbatam.id/wp-json/oembed/1.0/embedae18]
[rentalmobilbatam.id/wp-content/cache/speedycache/rentalmobilbatam.id/assets/95d3afb5ee09d5d7-themify-2550915596.css]
[cdnjs.cloudflare.com/ajax/libs/font-awesome/6.6.0/css/all.min.css]
[transpremiumrental.com/wp-content/uploads/2024/07/syarat-dan-ketentuan-header.png]
[rentalmobilbatam.id/syarat-dan-ketentuan/index.html]
[rentalmobilbatam.id/wp-content/uploads/2024/11/Agya-sewa-mobil-avanza-batam-rentalmobilbatam.id_.webp]
[rentalmobilbatam.id/wp-content/cache/speedycache/rentalmobilbatam.id/gravatars/3ecda67d5aa54758aaa1297a3ad285e4x60.jpg]
[rentalmobilbatam.id/wp-content/plugins/woocommerce/assets/css/photoswipe/photoswipe.min6f03.css]
[rentalmobilbatam.id/wp-content/plugins/woocommerce/assets/css/photoswipe/default-skin/default-skin.min6f03.css]
[rentalmobilbatam.id/wp-content/themes/saudagarwp/assets/css/woocommerce/product.min8162.css]
[rentalmobilbatam.id/wp-content/themes/saudagarwp/assets/css/comment.min8a54.css]
[rentalmobilbatam.id/wp-content/plugins/woocommerce/assets/js/photoswipe/photoswipe.min9b63.js]
[rentalmobilbatam.id/wp-content/plugins/woocommerce/assets/js/photoswipe/photoswipe-ui-default.min9b63.js]
[rentalmobilbatam.id/wp-content/plugins/woocommerce/assets/js/frontend/single-product.min6f03.js]
[rentalmobilbatam.id/mobil/suzuki-ignis/feed/index.html]
[rentalmobilbatam.id/wp-json/wp/v2/product/7135.json]
[rentalmobilbatam.id/wp-json/oembed/1.0/embedfc6f.json]
[rentalmobilbatam.id/wp-json/oembed/1.0/embed0312]
[rentalmobilbatam.id/wp-content/uploads/2024/11/Agya-sewa-mobil-avanza-batam-rentalmobilbatam.id_-150x150.webp]
[rentalmobilbatam.id/wp-content/plugins/webforia-shop-booster/assets/js/product-fomo.min001e.js]
[rentalmobilbatam.id/wp-content/plugins/webforia-whatsapp-chat/assets/js/create-order.min3c94.js]
[rentalmobilbatam.id/wp-content/themes/saudagarwp/assets/js/woocommerce/product.min8162.js]
[rentalmobilbatam.id/wp-content/themes/saudagarwp/assets/js/woocommerce/variation.minb2f9.js]
[rentalmobilbatam.id/wp-content/themes/saudagarwp/assets/js/main/comment.min001e.js]
[rentalmobilbatam.id/wp-includes/js/comment-reply.min9704.js]
[rentalmobilbatam.id/mobil/suzuki-ignis/index.html]
[rentalmobilbatam.id/wp-content/plugins/woocommerce/assets/css/woocommerce-smallscreen6f03.css]
[rentalmobilbatam.id/wp-content/plugins/wp-bottom-menu/assets/css/style950a.css]
[rentalmobilbatam.id/wp-content/plugins/variation-swatches-for-woocommerce/assets/css/frontend605a.css]
[rentalmobilbatam.id/wp-content/uploads/themify-concate/3548096720/themify-575898932.css]
[rentalmobilbatam.id/wp-content/plugins/woocommerce/assets/client/blocks/wc-blocks556e.css]
[rentalmobilbatam.id/mobil/suzuki-ignis/indexd9b3.html]
[rentalmobilbatam.id/wp-content/plugins/themify-builder/themify/js/mainb2f5.js]
[rentalmobilbatam.id/mobil/suzuki-ignis/index956b.html]
[rentalmobilbatam.id/wp-content/plugins/wp-bottom-menu/assets/js/main950a.js]
[rentalmobilbatam.id/wp-content/plugins/speedycache-pro/assets/js/instantpage54f4.js]
[rentalmobilbatam.id/wp-content/plugins/variation-swatches-for-woocommerce/assets/js/frontend605a.js]
[rentalmobilbatam.id/index1c77.html]
[rentalmobilbatam.id/wp-content/uploads/2024/11/rocky-sewa-mobil-avanza-batam-rentalmobilbatam.id_.webp]
[rentalmobilbatam.id/keranjang-belanja/index.html]
[rentalmobilbatam.id/mobil/rocky-lepas-kunci/feed/index.html]
[rentalmobilbatam.id/wp-json/wp/v2/product/7133.json]
[rentalmobilbatam.id/checkout/index.html]
[rentalmobilbatam.id/wp-json/oembed/1.0/embed012c.json]
[rentalmobilbatam.id/wp-json/oembed/1.0/embed4752]
[rentalmobilbatam.id/wp-content/uploads/2024/11/rocky-sewa-mobil-avanza-batam-rentalmobilbatam.id_-150x150.webp]
[rentalmobilbatam.id/mobil/rocky-lepas-kunci/index.html]
[rentalmobilbatam.id/index956b.html]
[rentalmobilbatam.id/wp-content/uploads/2024/11/rocky-sewa-mobil-avanza-batam-rentalmobilbatam.id-1.webp]
[rentalmobilbatam.id/mobil/rocky-lepas-kunci/indexae57.html]
[rentalmobilbatam.id/mobil/rocky-lepas-kunci/index0b74.html]
[rentalmobilbatam.id/wp-json/wp/v2/product/348.json]
[rentalmobilbatam.id/mobil/rocky-lepas-kunci/index127c.html]
[rentalmobilbatam.id/mobil/alphard-all-in/feed/index.html]
[rentalmobilbatam.id/wp-json/oembed/1.0/embedd018.json]
[rentalmobilbatam.id/wp-json/oembed/1.0/embed5461]
[rentalmobilbatam.id/wp-content/uploads/2024/11/rocky-sewa-mobil-avanza-batam-rentalmobilbatam.id-1-150x150.webp]
[rentalmobilbatam.id/mobil/alphard-all-in/index.html]
[rentalmobilbatam.id/indexd9b3.html]
[rentalmobilbatam.id/wp-content/uploads/2024/11/alphard-sewa-mobil-avanza-batam-rentalmobilbatam.id_.webp]
[rentalmobilbatam.id/mobil/alphard-all-in/index9a21.html]
[rentalmobilbatam.id/mobil/alphard-all-in/index0b74.html]
[rentalmobilbatam.id/wp-json/wp/v2/product/339.json]
[rentalmobilbatam.id/mobil/alphard-all-in/index127c.html]
[rentalmobilbatam.id/mobil/toyota-fortuner/feed/index.html]
[rentalmobilbatam.id/wp-json/oembed/1.0/embed1fb3.json]
[rentalmobilbatam.id/wp-json/oembed/1.0/embed9166]
[rentalmobilbatam.id/wp-content/uploads/2024/11/alphard-sewa-mobil-avanza-batam-rentalmobilbatam.id_-150x150.webp]
[rentalmobilbatam.id/wp-includes/js/underscore.min3ab8.js]
[rentalmobilbatam.id/wp-includes/js/wp-util.min9704.js]
[rentalmobilbatam.id/mobil/toyota-fortuner/index.html]
[rentalmobilbatam.id/wp-content/plugins/woocommerce/assets/js/frontend/add-to-cart-variation.min6f03.js]
[rentalmobilbatam.id/wp-content/uploads/2024/11/fortuner-sewa-mobil-avanza-batam-rentalmobilbatam.id_.webp]
[rentalmobilbatam.id/wp-json/wp/v2/product/338.json]
[rentalmobilbatam.id/mobil/toyota-fortuner/index345f.html]
[rentalmobilbatam.id/mobil/toyota-fortuner/index9a21.html]
[rentalmobilbatam.id/mobil/toyota-fortuner/indexa528.html]
[rentalmobilbatam.id/mobil/hiace-commuter-all-in/feed/index.html]
[rentalmobilbatam.id/wp-json/oembed/1.0/embedcc95.json]
[rentalmobilbatam.id/wp-json/oembed/1.0/embed8d9b]
[rentalmobilbatam.id/mobil/hiace-commuter-all-in/index.html]
[rentalmobilbatam.id/wp-content/uploads/2024/11/fortuner-sewa-mobil-avanza-batam-rentalmobilbatam.id_-150x150.webp]
[rentalmobilbatam.id/index127c.html]
[rentalmobilbatam.id/wp-content/uploads/2024/11/hiace-commuter-sewa-mobil-avanza-batam-rentalmobilbatam.id_.webp]
[rentalmobilbatam.id/mobil/hiace-commuter-all-in/indexd9b3.html]
[rentalmobilbatam.id/mobil/hiace-commuter-all-in/indexa528.html]
[rentalmobilbatam.id/wp-json/wp/v2/product/340.json]
[rentalmobilbatam.id/mobil/hiace-commuter-all-in/index1c77.html]
[rentalmobilbatam.id/mobil/hiace-commuter-all-in/indexae57.html]
[rentalmobilbatam.id/wp-json/oembed/1.0/embed5c37.json]
[rentalmobilbatam.id/mobil/hiace-commuter-all-in/index345f.html]
[rentalmobilbatam.id/mobil/hiace-commuter-all-in/index9a21.html]
[rentalmobilbatam.id/mobil/innova-zenix/feed/index.html]
[rentalmobilbatam.id/wp-json/oembed/1.0/embed42b5]
[rentalmobilbatam.id/mobil/innova-zenix/index.html]
[rentalmobilbatam.id/wp-content/uploads/2024/11/hiace-commuter-sewa-mobil-avanza-batam-rentalmobilbatam.id_-150x150.webp]
[rentalmobilbatam.id/wp-content/uploads/2024/11/innova-zenix-sewa-mobil-avanza-batam-rentalmobilbatam.id_.webp]
[rentalmobilbatam.id/mobil/innova-zenix/index127c.html]
[rentalmobilbatam.id/wp-json/wp/v2/product/345.json]
[rentalmobilbatam.id/mobil/innova-reborn/feed/index.html]
[rentalmobilbatam.id/mobil/innova-zenix/indexa528.html]
[rentalmobilbatam.id/wp-json/oembed/1.0/embed10a5.json]
[rentalmobilbatam.id/wp-json/oembed/1.0/embeda4dc]
[rentalmobilbatam.id/wp-content/uploads/2024/11/innova-zenix-sewa-mobil-avanza-batam-rentalmobilbatam.id_-150x150.webp]
[rentalmobilbatam.id/mobil/innova-reborn/index.html]
[rentalmobilbatam.id/wp-content/uploads/2024/11/innova-reborn-sewa-mobil-avanza-batam-rentalmobilbatam.id_.webp]
[rentalmobilbatam.id/wp-json/wp/v2/product/7155.json]
[rentalmobilbatam.id/mobil/innova-reborn/indexae57.html]
[rentalmobilbatam.id/mobil/innova-reborn/indexd9b3.html]
[rentalmobilbatam.id/mobil/innova-reborn/index956b.html]
[rentalmobilbatam.id/wp-json/oembed/1.0/embed1588.json]
[rentalmobilbatam.id/mobil/innova-reborn/indexa528.html]
[rentalmobilbatam.id/mobil/mobilio-lepas-kunci/feed/index.html]
[rentalmobilbatam.id/wp-json/oembed/1.0/embed98b3]
[rentalmobilbatam.id/wp-content/uploads/2024/11/innova-reborn-sewa-mobil-avanza-batam-rentalmobilbatam.id_-150x150.webp]
[rentalmobilbatam.id/mobil/mobilio-lepas-kunci/index.html]
[rentalmobilbatam.id/index9a21.html]
[rentalmobilbatam.id/produk/index.html]
[rentalmobilbatam.id/mobil/mobilio-lepas-kunci/index956b.html]
[rentalmobilbatam.id/wp-content/plugins/woocommerce/assets/css/select26f03.css]
[rentalmobilbatam.id/mobil/mobilio-lepas-kunci/index0b74.html]
[rentalmobilbatam.id/wp-content/themes/saudagarwp/assets/css/woocommerce/account.min6f3e.css]
[rentalmobilbatam.id/mobil/mobilio-lepas-kunci/indexa528.html]
[rentalmobilbatam.id/wp-content/plugins/woocommerce/assets/js/selectWoo/selectWoo.full.mind34c.js]
[rentalmobilbatam.id/mobil/mobilio-lepas-kunci/indexae57.html]
[rentalmobilbatam.id/produk/feed/index.html]
[rentalmobilbatam.id/wp-content/plugins/woocommerce/assets/js/frontend/account-i18n.min6f03.js]
[rentalmobilbatam.id/wp-content/plugins/woocommerce/assets/js/frontend/lost-password.min6f03.js]
[rentalmobilbatam.id/wp-json/wp/v2/pages/6682.json]
[rentalmobilbatam.id/produk/index1c77.html]
[rentalmobilbatam.id/produk/index956b.html]
[rentalmobilbatam.id/produk/indexd9b3.html]
[rentalmobilbatam.id/wp-json/oembed/1.0/embed5f49.json]
[rentalmobilbatam.id/produk/index127c.html]
[rentalmobilbatam.id/wp-json/oembed/1.0/embed451b]
[rentalmobilbatam.id/produk/index9a21.html]
[rentalmobilbatam.id/produk/indexae57.html]
[rentalmobilbatam.id/wp-content/uploads/themify-concate/3548096720/themify-3208688772.css]
[rentalmobilbatam.id/wp-content/plugins/ongkoskirim-id/public/js/ongkoskirim-id-public4b68.js]
[rentalmobilbatam.id/akun/lost-password/index.html]
[rentalmobilbatam.id/produk/index0b74.html]
[rentalmobilbatam.id/produk/indexa528.html]
[rentalmobilbatam.id/wp-content/cache/speedycache/rentalmobilbatam.id/assets/7c24ec1d1c30bf1c-wc-blocks.css]
[rentalmobilbatam.id/wp-content/plugins/webforia-whatsapp-chat/assets/img/whatsapp.svg]
[rentalmobilbatam.id/wp-content/themes/saudagarwp/assets/woo/fonts/star.svg]
[rentalmobilbatam.id/wp-content/themes/saudagarwp/assets/woo/fonts/WooCommerce.svg]
[rentalmobilbatam.id/wp-content/themes/saudagarwp/assets/img/arrow-right.svg]
[rentalmobilbatam.id/wp-content/themes/saudagarwp/assets/img/spiner.svg]
[rentalmobilbatam.id/wp-content/themes/saudagarwp/assets/img/spiner-light.svg]
[rentalmobilbatam.id/wp-content/themes/saudagarwp/assets/img/quote.svg]
[rentalmobilbatam.id/wp-content/cache/speedycache/rentalmobilbatam.id/assets/31e75fa2e5b10ce4-frontend-list-products.css]
[rentalmobilbatam.id/wp-content/cache/speedycache/rentalmobilbatam.id/assets/bc2a40f007fb2626-themify-3208688772.css]
[rentalmobilbatam.id/akun/index.html]
[rentalmobilbatam.id/produk/index345f.html]
[rentalmobilbatam.id/wp-content/plugins/variation-swatches-for-woocommerce/assets/css/frontend-list-products9704.css]
[rentalmobilbatam.id/kategori-mobil/semua-mobil/index1c77.html]
[rentalmobilbatam.id/kategori-mobil/semua-mobil/index956b.html]
[rentalmobilbatam.id/kategori-mobil/semua-mobil/indexd9b3.html]
[rentalmobilbatam.id/kategori-mobil/semua-mobil/index127c.html]
[rentalmobilbatam.id/kategori-mobil/semua-mobil/index9a21.html]
[rentalmobilbatam.id/wp-content/uploads/2024/11/rush-rentalmobildijakarta24jam.com-1.webp]
[rentalmobilbatam.id/wp-json/wp/v2/product/7142.json]
[rentalmobilbatam.id/mobil/toyota-rush/feed/index.html]
[rentalmobilbatam.id/wp-json/oembed/1.0/embed8b20.json]
[rentalmobilbatam.id/wp-json/oembed/1.0/embed909e]
[rentalmobilbatam.id/wp-content/uploads/2024/11/rush-rentalmobildijakarta24jam.com-1-150x150.webp]
[rentalmobilbatam.id/mobil/toyota-rush/index.html]
[rentalmobilbatam.id/wp-content/uploads/2024/11/agya-trd-rentalmobildijakarta24jam.com_.webp]
[rentalmobilbatam.id/mobil/toyota-rush/index9a21.html]
[rentalmobilbatam.id/wp-json/wp/v2/product/7130.json]
[rentalmobilbatam.id/mobil/toyota-rush/index0b74.html]
[rentalmobilbatam.id/mobil/toyota-rush/index127c.html]
[rentalmobilbatam.id/mobil/agya-trd-lepas-kunci/feed/index.html]
[rentalmobilbatam.id/wp-json/oembed/1.0/embed48a9.json]
[rentalmobilbatam.id/mobil/toyota-rush/index956b.html]
[rentalmobilbatam.id/wp-json/oembed/1.0/embed8812]
[rentalmobilbatam.id/mobil/agya-trd-lepas-kunci/index127c.html]
[rentalmobilbatam.id/mobil/agya-trd-lepas-kunci/indexd9b3.html]
[rentalmobilbatam.id/mobil/agya-trd-lepas-kunci/index345f.html]
[rentalmobilbatam.id/mobil/agya-trd-lepas-kunci/index9a21.html]
[rentalmobilbatam.id/wp-content/uploads/2024/11/agya-trd-rentalmobildijakarta24jam.com_-150x150.webp]
[rentalmobilbatam.id/mobil/agya-trd-lepas-kunci/index.html]
[rentalmobilbatam.id/kategori-mobil/semua-mobil/indexae57.html]
[rentalmobilbatam.id/wp-content/uploads/2024/11/rush-sewa-mobil-avanza-batam-rentalmobilbatam.id_.webp]
[rentalmobilbatam.id/mobil/agya-trd-lepas-kunci/index0b74.html]
[rentalmobilbatam.id/wp-json/wp/v2/product/7126.json]
[rentalmobilbatam.id/mobil/brio-lepas-kunci/feed/index.html]
[rentalmobilbatam.id/wp-json/oembed/1.0/embedf8ae.json]
[rentalmobilbatam.id/wp-json/oembed/1.0/embed1e63]
[rentalmobilbatam.id/wp-content/uploads/2024/11/rush-sewa-mobil-avanza-batam-rentalmobilbatam.id_-150x150.webp]
[rentalmobilbatam.id/mobil/brio-lepas-kunci/index.html]
[rentalmobilbatam.id/kategori-mobil/semua-mobil/index0b74.html]
[rentalmobilbatam.id/wp-content/uploads/2022/01/new-xenia-rentalmobildijakarta24jam.com-1.webp]
[rentalmobilbatam.id/mobil/brio-lepas-kunci/index127c.html]
[rentalmobilbatam.id/mobil/brio-lepas-kunci/indexd9b3.html]
[rentalmobilbatam.id/mobil/brio-lepas-kunci/indexae57.html]
[rentalmobilbatam.id/wp-json/wp/v2/product/347.json]
[rentalmobilbatam.id/mobil/daihatsu-xenia/feed/index.html]
[rentalmobilbatam.id/wp-json/oembed/1.0/embed959d.json]
[rentalmobilbatam.id/wp-json/oembed/1.0/embed21d6]
[rentalmobilbatam.id/wp-content/uploads/2022/01/new-xenia-rentalmobildijakarta24jam.com-1-150x150.webp]
[rentalmobilbatam.id/mobil/daihatsu-xenia/index.html]
[rentalmobilbatam.id/wp-content/uploads/2022/01/xpander-sewa-mobil-avanza-batam-rentalmobilbatam.id_.webp]
[rentalmobilbatam.id/mobil/daihatsu-xenia/indexae57.html]
[rentalmobilbatam.id/wp-json/wp/v2/product/346.json]
[rentalmobilbatam.id/mobil/daihatsu-xenia/index345f.html]
[rentalmobilbatam.id/mobil/mitsubishi-xpander/feed/index.html]
[rentalmobilbatam.id/mobil/daihatsu-xenia/index127c.html]
[rentalmobilbatam.id/wp-json/oembed/1.0/embeddf9c.json]
[rentalmobilbatam.id/wp-json/oembed/1.0/embedb09c]
[rentalmobilbatam.id/wp-content/uploads/2022/01/xpander-sewa-mobil-avanza-batam-rentalmobilbatam.id_-150x150.webp]
[rentalmobilbatam.id/mobil/mitsubishi-xpander/index.html]
[rentalmobilbatam.id/wp-content/uploads/2022/01/new-avanza-sewa-mobil-avanza-batam-rentalmobilbatam.id_.webp]
[rentalmobilbatam.id/mobil/mitsubishi-xpander/index0b74.html]
[rentalmobilbatam.id/mobil/mitsubishi-xpander/indexd9b3.html]
[rentalmobilbatam.id/wp-json/wp/v2/product/337.json]
[rentalmobilbatam.id/mobil/mitsubishi-xpander/indexae57.html]
[rentalmobilbatam.id/mobil/toyota-avanza/feed/index.html]
[rentalmobilbatam.id/wp-json/oembed/1.0/embed8ed4.json]
[rentalmobilbatam.id/wp-json/oembed/1.0/embed02a8]
[rentalmobilbatam.id/wp-content/uploads/2022/01/new-avanza-sewa-mobil-avanza-batam-rentalmobilbatam.id_-150x150.webp]
[rentalmobilbatam.id/mobil/toyota-avanza/index.html]
[rentalmobilbatam.id/wp-content/uploads/2019/01/new-avanza-sewa-mobil-avanza-batam-rentalmobilbatam.id-1.webp]
[rentalmobilbatam.id/wp-json/wp/v2/product/251.json]
[rentalmobilbatam.id/mobil/toyota-avanza/indexa528.html]
[rentalmobilbatam.id/mobil/toyota-avanza/index1c77.html]
[rentalmobilbatam.id/mobil/toyota-avanza/index345f.html]
[rentalmobilbatam.id/wp-json/oembed/1.0/embedceb7.json]
[rentalmobilbatam.id/mobil/calya-lepas-kunci/feed/index.html]
[rentalmobilbatam.id/mobil/toyota-avanza/index127c.html]
[rentalmobilbatam.id/wp-json/oembed/1.0/embedd335]
[rentalmobilbatam.id/wp-content/uploads/2019/01/new-avanza-sewa-mobil-avanza-batam-rentalmobilbatam.id-1-150x150.webp]
[rentalmobilbatam.id/mobil/calya-lepas-kunci/index.html]
[rentalmobilbatam.id/kategori-mobil/semua-mobil/indexa528.html]
[rentalmobilbatam.id/wp-content/uploads/2019/01/brio-sewa-mobil-avanza-batam-rentalmobilbatam.id_.webp]
[rentalmobilbatam.id/mobil/calya-lepas-kunci/index345f.html]
[rentalmobilbatam.id/mobil/calya-lepas-kunci/index1c77.html]
[rentalmobilbatam.id/wp-json/wp/v2/product/6845.json]
[rentalmobilbatam.id/mobil/agya-gr-lepas-kunci/feed/index.html]
[rentalmobilbatam.id/mobil/calya-lepas-kunci/index0b74.html]
[rentalmobilbatam.id/mobil/calya-lepas-kunci/indexae57.html]
[rentalmobilbatam.id/wp-json/oembed/1.0/embed6c44.json]
[rentalmobilbatam.id/wp-json/oembed/1.0/embed5b47]
[rentalmobilbatam.id/wp-content/uploads/2019/01/brio-sewa-mobil-avanza-batam-rentalmobilbatam.id_-150x150.webp]
[rentalmobilbatam.id/mobil/agya-gr-lepas-kunci/index.html]
[rentalmobilbatam.id/kategori-mobil/semua-mobil/index345f.html]
[rentalmobilbatam.id/mobil/agya-gr-lepas-kunci/index0b74.html]
[rentalmobilbatam.id/mobil/agya-gr-lepas-kunci/index956b.html]
[rentalmobilbatam.id/mobil/agya-gr-lepas-kunci/index127c.html]
[rentalmobilbatam.id/mobil/agya-gr-lepas-kunci/index1c77.html]
[rentalmobilbatam.id/kategori-mobil/city-car/feed/index.html]
[rentalmobilbatam.id/wp-json/wp/v2/product_cat/53.json]
[rentalmobilbatam.id/kategori-mobil/city-car/index.html]
[rentalmobilbatam.id/kategori-mobil/city-car/index956b.html]
[rentalmobilbatam.id/kategori-mobil/city-car/index1c77.html]
[rentalmobilbatam.id/kategori-mobil/city-car/indexae57.html]
[rentalmobilbatam.id/kategori-mobil/city-car/index0b74.html]
[rentalmobilbatam.id/wp-json/wp/v2/product_cat/51.json]
[rentalmobilbatam.id/kategori-mobil/daihatsu/feed/index.html]
[rentalmobilbatam.id/kategori-mobil/daihatsu/index.html]
[rentalmobilbatam.id/kategori-mobil/city-car/index345f.html]
[rentalmobilbatam.id/kategori-mobil/daihatsu/index956b.html]
[rentalmobilbatam.id/kategori-mobil/honda/feed/index.html]
[rentalmobilbatam.id/wp-json/wp/v2/product_cat/54.json]
[rentalmobilbatam.id/kategori-mobil/honda/index.html]
[rentalmobilbatam.id/kategori-mobil/honda/index0b74.html]
[rentalmobilbatam.id/kategori-mobil/honda/index9a21.html]
[rentalmobilbatam.id/wp-json/wp/v2/product_cat/49.json]
[rentalmobilbatam.id/kategori-mobil/mini-bus/index.html]
[rentalmobilbatam.id/kategori-mobil/mini-bus/feed/index.html]
[rentalmobilbatam.id/kategori-mobil/mitsubishi/feed/index.html]
[rentalmobilbatam.id/kategori-mobil/mini-bus/index127c.html]
[rentalmobilbatam.id/wp-json/wp/v2/product_cat/47.json]
[rentalmobilbatam.id/kategori-mobil/mitsubishi/index.html]
[rentalmobilbatam.id/wp-json/wp/v2/product_cat/50.json]
[rentalmobilbatam.id/kategori-mobil/mobil-vip/index.html]
[rentalmobilbatam.id/kategori-mobil/mobil-vip/feed/index.html]
[rentalmobilbatam.id/wp-json/wp/v2/product_cat/52.json]
[rentalmobilbatam.id/kategori-mobil/suzuki/index.html]
[rentalmobilbatam.id/kategori-mobil/suzuki/feed/index.html]
[rentalmobilbatam.id/kategori-mobil/mobil-vip/indexd9b3.html]
[rentalmobilbatam.id/kategori-mobil/suzuki/index1c77.html]
[rentalmobilbatam.id/kategori-mobil/toyota/feed/index.html]
[rentalmobilbatam.id/wp-json/wp/v2/product_cat/46.json]
[rentalmobilbatam.id/kategori-mobil/toyota/index.html]
[rentalmobilbatam.id/kategori-mobil/toyota/index127c.html]
[rentalmobilbatam.id/kategori-mobil/toyota/indexd9b3.html]
[rentalmobilbatam.id/kategori-mobil/toyota/indexae57.html]
[rentalmobilbatam.id/indexaa60.html]
[rentalmobilbatam.id/kategori-mobil/toyota/indexa528.html]
[rentalmobilbatam.id/wp-content/cache/speedycache/rentalmobilbatam.id/assets/2042971a9abe498b-themify-2075689554.css]
[kit.fontawesome.com/a076d05399.html]
[rentalmobilbatam.id/indexff51.html]
[rentalmobilbatam.id/wp-content/cache/speedycache/rentalmobilbatam.id/assets/9c0f5cc9c66e5a88-themify-3680924108.css]
[rentalmobilbatam.id/kategori-mobil/mobil-mpv/index9a21.html]
[rentalmobilbatam.id/kategori-mobil/mobil-mpv/indexa528.html]
[rentalmobilbatam.id/index905b.html]
[rentalmobilbatam.id/wp-content/cache/speedycache/rentalmobilbatam.id/assets/926b9f74afc4aa84-themify-2088235334.css]
[rentalmobilbatam.id/index68b4.html]
[rentalmobilbatam.id/wp-content/cache/speedycache/rentalmobilbatam.id/assets/3c1ce6dd6b1ca783-themify-1466880229.css]
[widget.taggbox.com/embed-lite.min.html]
[rentalmobilbatam.id/indexe9b9.html]
[rentalmobilbatam.id/wp-content/cache/speedycache/rentalmobilbatam.id/assets/95d3afb5ee09d5d7-themify-2550915596.css]
[cdnjs.cloudflare.com/ajax/libs/font-awesome/6.6.0/css/all.min.css]
[rentalmobilbatam.id/wp-content/plugins/woocommerce/assets/css/photoswipe/default-skin/default-skin.png]
[rentalmobilbatam.id/wp-content/plugins/woocommerce/assets/css/photoswipe/photoswipe.min6f03.css]
[rentalmobilbatam.id/kategori-mobil/toyota/index345f.html]
[rentalmobilbatam.id/wp-content/plugins/woocommerce/assets/css/photoswipe/default-skin/default-skin.svg]
[rentalmobilbatam.id/wp-content/plugins/woocommerce/assets/css/photoswipe/default-skin/preloader.gif]
[rentalmobilbatam.id/wp-content/plugins/woocommerce/assets/css/photoswipe/default-skin/default-skin.min6f03.css]
[rentalmobilbatam.id/wp-content/themes/saudagarwp/assets/css/woocommerce/product.min8162.css]
[rentalmobilbatam.id/wp-content/themes/saudagarwp/assets/css/comment.min8a54.css]
[rentalmobilbatam.id/index63e1.html]
[rentalmobilbatam.id/mobil/suzuki-ignis/indexd9b3.html]
[rentalmobilbatam.id/mobil/suzuki-ignis/indexa528.html]
[rentalmobilbatam.id/mobil/suzuki-ignis/index127c.html]
[rentalmobilbatam.id/mobil/suzuki-ignis/index956b.html]
[rentalmobilbatam.id/wp-content/plugins/woocommerce/assets/css/woocommerce-smallscreen6f03.css]
[rentalmobilbatam.id/wp-content/plugins/wp-bottom-menu/assets/css/style950a.css]
[rentalmobilbatam.id/wp-content/plugins/variation-swatches-for-woocommerce/assets/css/frontend605a.css]
[rentalmobilbatam.id/wp-content/uploads/themify-concate/3548096720/themify-575898932.css]
[rentalmobilbatam.id/mobil/suzuki-ignis/index0b74.html]
[rentalmobilbatam.id/mobil/suzuki-ignis/index9a21.html]
[rentalmobilbatam.id/wp-content/themes/saudagarwp/assets/css/woocommerce/checkout.min2fca.css]
[rentalmobilbatam.id/wp-content/plugins/woocommerce/assets/js/frontend/country-select.min6f03.js]
[rentalmobilbatam.id/wp-content/plugins/woocommerce/assets/js/frontend/address-i18n.min6f03.js]
[rentalmobilbatam.id/wp-content/plugins/woocommerce/assets/js/frontend/cart.min6f03.js]
[rentalmobilbatam.id/wp-json/wp/v2/pages/1378.json]
[rentalmobilbatam.id/wp-json/oembed/1.0/embeda98d.json]
[rentalmobilbatam.id/wp-json/oembed/1.0/embed2f1e]
[rentalmobilbatam.id/wp-content/themes/saudagarwp/assets/js/woocommerce/checkout.min6f3e.js]
[rentalmobilbatam.id/keranjang-belanja/index.html]
[rentalmobilbatam.id/wp-content/plugins/woocommerce/assets/js/select2/select2.full.min3c2b.js]
[rentalmobilbatam.id/wp-content/plugins/webforia-checkout-field/assets/css/checkout-field.min91ce.css]
[rentalmobilbatam.id/wp-content/plugins/woocommerce/assets/js/frontend/checkout.min6f03.js]
[rentalmobilbatam.id/wp-json/wp/v2/pages/10.json]
[rentalmobilbatam.id/wp-json/oembed/1.0/embedabfb.json]
[rentalmobilbatam.id/wp-json/oembed/1.0/embedf05c]
[rentalmobilbatam.id/wp-content/plugins/woocommerce/assets/client/blocks/checkout556e.css]
[rentalmobilbatam.id/wp-content/plugins/woocommerce/assets/client/blocks/packages-style556e.css]
[rentalmobilbatam.id/wp-content/plugins/webforia-checkout-field/assets/js/checkout-field.min91ce.js]
[rentalmobilbatam.id/wp-includes/js/dist/vendor/wp-polyfill.min2c7c.js]
[rentalmobilbatam.id/wp-content/plugins/woocommerce/assets/client/blocks/wc-cart-checkout-base-frontendfad4.js]
[rentalmobilbatam.id/wp-content/plugins/woocommerce/assets/client/blocks/wc-cart-checkout-vendors-frontendf4fe.js]
[rentalmobilbatam.id/wp-includes/js/dist/vendor/react.mincb06.js]
[rentalmobilbatam.id/wp-includes/js/dist/vendor/react-dom.mincb06.js]
[rentalmobilbatam.id/wp-includes/js/dist/url.min9481.js]
[rentalmobilbatam.id/wp-includes/js/dist/api-fetch.min53e9.js]
[rentalmobilbatam.id/wp-admin/admin-ajaxf809.php]
[rentalmobilbatam.id/wp-content/plugins/woocommerce/assets/client/blocks/wc-settingsf8f9.js]
[rentalmobilbatam.id/wp-includes/js/dist/vendor/react-jsx-runtime.mincb06.js]
[rentalmobilbatam.id/wp-includes/js/dist/deprecated.min0a8b.js]
[rentalmobilbatam.id/wp-includes/js/dist/dom.min05c5.js]
[rentalmobilbatam.id/wp-includes/js/dist/escape-html.min3a9d.js]
[rentalmobilbatam.id/wp-includes/js/dist/element.min1596.js]
[rentalmobilbatam.id/wp-includes/js/dist/is-shallow-equal.mincb09.js]
[rentalmobilbatam.id/wp-includes/js/dist/keycodes.min8cc0.js]
[rentalmobilbatam.id/wp-includes/js/dist/priority-queue.minc7db.js]
[rentalmobilbatam.id/wp-includes/js/dist/compose.min465e.js]
[rentalmobilbatam.id/wp-includes/js/dist/private-apis.min98d3.js]
[rentalmobilbatam.id/wp-includes/js/dist/redux-routine.mineef5.js]
[rentalmobilbatam.id/wp-includes/js/dist/data.min1020.js]
[rentalmobilbatam.id/wp-content/plugins/woocommerce/assets/client/blocks/wc-blocks-registryd215.js]
[rentalmobilbatam.id/wp-content/plugins/woocommerce/assets/client/blocks/wc-typesee62.js]
[rentalmobilbatam.id/wp-includes/js/dist/data-controls.min01e0.js]
[rentalmobilbatam.id/wp-includes/js/dist/html-entities.min5b55.js]
[rentalmobilbatam.id/wp-includes/js/dist/notices.minfe2f.js]
[rentalmobilbatam.id/wp-content/plugins/woocommerce/assets/client/blocks/wc-blocks-middleware8cde.js]
[rentalmobilbatam.id/wp-content/plugins/woocommerce/assets/client/blocks/wc-blocks-data59f2.js]
[rentalmobilbatam.id/wp-includes/js/dist/dom-ready.min5346.js]
[rentalmobilbatam.id/wp-includes/js/dist/a11y.min3f73.js]
[rentalmobilbatam.id/wp-includes/js/dist/primitives.min4e94.js]
[rentalmobilbatam.id/wp-content/plugins/woocommerce/assets/client/blocks/blocks-componentsd993.js]
[rentalmobilbatam.id/wp-includes/js/dist/warning.min85d7.js]
[rentalmobilbatam.id/wp-content/plugins/woocommerce/assets/client/blocks/blocks-checkout6968.js]
[rentalmobilbatam.id/wp-content/plugins/woocommerce/assets/client/blocks/wc-blocks-shared-context924b.js]
[rentalmobilbatam.id/wp-content/plugins/woocommerce/assets/client/blocks/wc-blocks-shared-hocs7a35.js]
[rentalmobilbatam.id/wp-content/plugins/woocommerce/assets/client/blocks/price-formatc8d9.js]
[rentalmobilbatam.id/wp-includes/js/dist/autop.min33af.js]
[rentalmobilbatam.id/wp-includes/js/dist/plugins.minb4a0.js]
[rentalmobilbatam.id/wp-includes/js/dist/wordcount.min9ebf.js]
[rentalmobilbatam.id/wp-content/plugins/woocommerce/assets/client/blocks/wc-payment-method-bacs8e34.js]
[rentalmobilbatam.id/wp-content/plugins/woocommerce/assets/client/blocks/checkout-frontend987a.js]
[rentalmobilbatam.id/checkout/index.html]
[rentalmobilbatam.id/wp-content/plugins/woocommerce/assets/client/blocks/wc-blocks556e.css]
[rentalmobilbatam.id/index59d9.html]
[rentalmobilbatam.id/mobil/rocky-lepas-kunci/index0b74.html]
[rentalmobilbatam.id/mobil/rocky-lepas-kunci/indexae57.html]
[rentalmobilbatam.id/mobil/rocky-lepas-kunci/index127c.html]
[rentalmobilbatam.id/mobil/rocky-lepas-kunci/index9a21.html]
[rentalmobilbatam.id/index2206.html]
[rentalmobilbatam.id/mobil/alphard-all-in/index9a21.html]
[rentalmobilbatam.id/mobil/rocky-lepas-kunci/indexa528.html]
[rentalmobilbatam.id/mobil/rocky-lepas-kunci/indexd9b3.html]
[rentalmobilbatam.id/mobil/rocky-lepas-kunci/index345f.html]
[rentalmobilbatam.id/mobil/alphard-all-in/index0b74.html]
[rentalmobilbatam.id/mobil/alphard-all-in/index127c.html]
[rentalmobilbatam.id/mobil/alphard-all-in/index956b.html]
[rentalmobilbatam.id/indexb247.html]
[rentalmobilbatam.id/mobil/toyota-fortuner/index9a21.html]
[rentalmobilbatam.id/mobil/alphard-all-in/indexa528.html]
[rentalmobilbatam.id/mobil/toyota-fortuner/indexa528.html]
[rentalmobilbatam.id/mobil/alphard-all-in/indexae57.html]
[rentalmobilbatam.id/mobil/alphard-all-in/index1c77.html]
[rentalmobilbatam.id/mobil/toyota-fortuner/index345f.html]
[rentalmobilbatam.id/mobil/toyota-fortuner/index1c77.html]
[rentalmobilbatam.id/mobil/toyota-fortuner/index0b74.html]
[rentalmobilbatam.id/indexbcd6.html]
[rentalmobilbatam.id/mobil/toyota-fortuner/index956b.html]
[rentalmobilbatam.id/mobil/toyota-fortuner/indexae57.html]
[rentalmobilbatam.id/mobil/hiace-commuter-all-in/indexa528.html]
[rentalmobilbatam.id/mobil/hiace-commuter-all-in/indexd9b3.html]
[rentalmobilbatam.id/mobil/hiace-commuter-all-in/index1c77.html]
[rentalmobilbatam.id/mobil/hiace-commuter-all-in/indexae57.html]
[rentalmobilbatam.id/mobil/hiace-commuter-all-in/index345f.html]
[rentalmobilbatam.id/mobil/hiace-commuter-all-in/index9a21.html]
[rentalmobilbatam.id/index80a3.html]
[rentalmobilbatam.id/mobil/innova-zenix/index127c.html]
[rentalmobilbatam.id/mobil/toyota-fortuner/index127c.html]
[rentalmobilbatam.id/mobil/innova-zenix/indexa528.html]
[rentalmobilbatam.id/mobil/hiace-commuter-all-in/index956b.html]
[rentalmobilbatam.id/mobil/hiace-commuter-all-in/index0b74.html]
[rentalmobilbatam.id/index50ca.html]
[rentalmobilbatam.id/mobil/innova-zenix/index9a21.html]
[rentalmobilbatam.id/mobil/innova-reborn/indexae57.html]
[rentalmobilbatam.id/mobil/innova-zenix/index1c77.html]
[rentalmobilbatam.id/mobil/innova-reborn/index956b.html]
[rentalmobilbatam.id/mobil/innova-zenix/indexae57.html]
[rentalmobilbatam.id/mobil/innova-zenix/index345f.html]
[rentalmobilbatam.id/mobil/innova-reborn/indexd9b3.html]
[rentalmobilbatam.id/mobil/innova-reborn/index345f.html]
[rentalmobilbatam.id/mobil/innova-reborn/index0b74.html]
[rentalmobilbatam.id/mobil/innova-reborn/indexa528.html]
[rentalmobilbatam.id/index3cfe.html]
[rentalmobilbatam.id/mobil/mobilio-lepas-kunci/index956b.html]
[rentalmobilbatam.id/mobil/innova-reborn/index127c.html]
[rentalmobilbatam.id/mobil/mobilio-lepas-kunci/index0b74.html]
[rentalmobilbatam.id/mobil/innova-reborn/index9a21.html]
[rentalmobilbatam.id/mobil/mobilio-lepas-kunci/indexa528.html]
[rentalmobilbatam.id/mobil/mobilio-lepas-kunci/indexae57.html]
[rentalmobilbatam.id/produk/index1c77.html]
[rentalmobilbatam.id/produk/index956b.html]
[rentalmobilbatam.id/produk/indexd9b3.html]
[rentalmobilbatam.id/mobil/mobilio-lepas-kunci/indexd9b3.html]
[rentalmobilbatam.id/mobil/mobilio-lepas-kunci/index127c.html]
[rentalmobilbatam.id/produk/index127c.html]
[rentalmobilbatam.id/produk/index9a21.html]
[rentalmobilbatam.id/produk/indexae57.html]
[rentalmobilbatam.id/produk/index0b74.html]
[rentalmobilbatam.id/produk/indexa528.html]
[rentalmobilbatam.id/produk/index345f.html]
[rentalmobilbatam.id/wp-content/plugins/ongkoskirim-id/public/css/ongkoskirim-id-public4b68.css]
[rentalmobilbatam.id/wp-content/plugins/woocommerce/assets/css/select26f03.css]
[rentalmobilbatam.id/wp-content/themes/saudagarwp/assets/css/woocommerce/account.min6f3e.css]
[rentalmobilbatam.id/akun/index.html]
[rentalmobilbatam.id/index1853.html]
[rentalmobilbatam.id/wp-content/uploads/themify-concate/3548096720/themify-3208688772.css]
[rentalmobilbatam.id/wp-content/plugins/variation-swatches-for-woocommerce/assets/css/frontend-list-products9704.css]
[rentalmobilbatam.id/index2b01.html]
[rentalmobilbatam.id/mobil/mobilio-lepas-kunci/index345f.html]
[rentalmobilbatam.id/mobil/toyota-rush/index9a21.html]
[rentalmobilbatam.id/mobil/toyota-rush/index0b74.html]
[rentalmobilbatam.id/mobil/toyota-rush/indexae57.html]
[rentalmobilbatam.id/mobil/toyota-rush/indexd9b3.html]
[rentalmobilbatam.id/mobil/toyota-rush/index1c77.html]
[rentalmobilbatam.id/mobil/toyota-rush/index345f.html]
[rentalmobilbatam.id/mobil/toyota-rush/index127c.html]
[rentalmobilbatam.id/mobil/toyota-rush/index956b.html]
[rentalmobilbatam.id/index17c2.html]
[rentalmobilbatam.id/mobil/agya-trd-lepas-kunci/index127c.html]
[rentalmobilbatam.id/mobil/agya-trd-lepas-kunci/index345f.html]
[rentalmobilbatam.id/mobil/agya-trd-lepas-kunci/index9a21.html]
[rentalmobilbatam.id/mobil/agya-trd-lepas-kunci/indexd9b3.html]
[rentalmobilbatam.id/mobil/toyota-rush/indexa528.html]
[rentalmobilbatam.id/mobil/agya-trd-lepas-kunci/index0b74.html]
[rentalmobilbatam.id/indexe167.html]
[rentalmobilbatam.id/mobil/agya-trd-lepas-kunci/index956b.html]
[rentalmobilbatam.id/mobil/agya-trd-lepas-kunci/indexa528.html]
[rentalmobilbatam.id/mobil/brio-lepas-kunci/index127c.html]
[rentalmobilbatam.id/mobil/brio-lepas-kunci/indexd9b3.html]
[rentalmobilbatam.id/mobil/brio-lepas-kunci/indexae57.html]
[rentalmobilbatam.id/mobil/agya-trd-lepas-kunci/index1c77.html]
[rentalmobilbatam.id/index0974.html]
[rentalmobilbatam.id/mobil/daihatsu-xenia/indexae57.html]
[rentalmobilbatam.id/mobil/brio-lepas-kunci/index1c77.html]
[rentalmobilbatam.id/mobil/brio-lepas-kunci/index956b.html]
[rentalmobilbatam.id/mobil/brio-lepas-kunci/index345f.html]
[rentalmobilbatam.id/mobil/daihatsu-xenia/index345f.html]
[rentalmobilbatam.id/mobil/daihatsu-xenia/index9a21.html]
[rentalmobilbatam.id/mobil/daihatsu-xenia/index127c.html]
[rentalmobilbatam.id/mobil/daihatsu-xenia/index1c77.html]
[rentalmobilbatam.id/mobil/daihatsu-xenia/indexa528.html]
[rentalmobilbatam.id/mobil/daihatsu-xenia/index0b74.html]
[rentalmobilbatam.id/index17f1.html]
[rentalmobilbatam.id/mobil/daihatsu-xenia/index956b.html]
[rentalmobilbatam.id/mobil/mitsubishi-xpander/indexd9b3.html]
[rentalmobilbatam.id/mobil/mitsubishi-xpander/index0b74.html]
[rentalmobilbatam.id/mobil/daihatsu-xenia/indexd9b3.html]
[rentalmobilbatam.id/mobil/mitsubishi-xpander/indexae57.html]
[rentalmobilbatam.id/mobil/mitsubishi-xpander/indexa528.html]
[rentalmobilbatam.id/mobil/mitsubishi-xpander/index956b.html]
[rentalmobilbatam.id/mobil/mitsubishi-xpander/index127c.html]
[rentalmobilbatam.id/indexf6a9.html]
[rentalmobilbatam.id/mobil/toyota-avanza/indexa528.html]
[rentalmobilbatam.id/mobil/toyota-avanza/index1c77.html]
[rentalmobilbatam.id/mobil/mitsubishi-xpander/index9a21.html]
[rentalmobilbatam.id/mobil/toyota-avanza/index345f.html]
[rentalmobilbatam.id/mobil/mitsubishi-xpander/index345f.html]
[rentalmobilbatam.id/mobil/toyota-avanza/indexd9b3.html]
[rentalmobilbatam.id/mobil/toyota-avanza/index0b74.html]
[rentalmobilbatam.id/mobil/toyota-avanza/index127c.html]
[rentalmobilbatam.id/indexd6e1.html]
[rentalmobilbatam.id/mobil/calya-lepas-kunci/index345f.html]
[rentalmobilbatam.id/mobil/toyota-avanza/index956b.html]
[rentalmobilbatam.id/mobil/calya-lepas-kunci/index1c77.html]
[rentalmobilbatam.id/mobil/calya-lepas-kunci/index0b74.html]
[rentalmobilbatam.id/mobil/calya-lepas-kunci/indexae57.html]
[rentalmobilbatam.id/mobil/toyota-avanza/index9a21.html]
[rentalmobilbatam.id/index714c.html]
[rentalmobilbatam.id/mobil/agya-gr-lepas-kunci/index956b.html]
[rentalmobilbatam.id/mobil/calya-lepas-kunci/index127c.html]
[rentalmobilbatam.id/mobil/calya-lepas-kunci/index9a21.html]
[rentalmobilbatam.id/mobil/calya-lepas-kunci/indexd9b3.html]
[rentalmobilbatam.id/mobil/agya-gr-lepas-kunci/index0b74.html]
[rentalmobilbatam.id/mobil/agya-gr-lepas-kunci/index127c.html]
[rentalmobilbatam.id/mobil/agya-gr-lepas-kunci/index1c77.html]
[rentalmobilbatam.id/mobil/agya-gr-lepas-kunci/index9a21.html]
[rentalmobilbatam.id/kategori-mobil/city-car/index1c77.html]
[rentalmobilbatam.id/kategori-mobil/city-car/index956b.html]
[rentalmobilbatam.id/kategori-mobil/city-car/indexae57.html]
[rentalmobilbatam.id/kategori-mobil/city-car/index0b74.html]
[rentalmobilbatam.id/kategori-mobil/city-car/index345f.html]
[rentalmobilbatam.id/kategori-mobil/daihatsu/index956b.html]
[rentalmobilbatam.id/kategori-mobil/honda/index9a21.html]
[rentalmobilbatam.id/kategori-mobil/honda/index0b74.html]
[rentalmobilbatam.id/kategori-mobil/mini-bus/index127c.html]
[rentalmobilbatam.id/kategori-mobil/mobil-vip/indexd9b3.html]
[rentalmobilbatam.id/kategori-mobil/suzuki/index1c77.html]
[rentalmobilbatam.id/kategori-mobil/toyota/indexd9b3.html]
[rentalmobilbatam.id/kategori-mobil/toyota/index127c.html]
[rentalmobilbatam.id/kategori-mobil/toyota/indexae57.html]
[rentalmobilbatam.id/kategori-mobil/toyota/indexa528.html]
[rentalmobilbatam.id/kategori-mobil/toyota/index345f.html]
[rentalmobilbatam.id/wp-content/plugins/woocommerce/assets/css/photoswipe/default-skin/default-skin.svg]
[rentalmobilbatam.id/mobil/suzuki-ignis/indexa528.html]
[rentalmobilbatam.id/mobil/agya-gr-lepas-kunci/indexd9b3.html]
[rentalmobilbatam.id/mobil/suzuki-ignis/index127c.html]
[rentalmobilbatam.id/mobil/agya-gr-lepas-kunci/indexa528.html]
[rentalmobilbatam.id/mobil/agya-gr-lepas-kunci/indexae57.html]
[rentalmobilbatam.id/mobil/suzuki-ignis/index0b74.html]
[rentalmobilbatam.id/mobil/suzuki-ignis/index9a21.html]
[rentalmobilbatam.id/mobil/suzuki-ignis/indexae57.html]
[rentalmobilbatam.id/mobil/suzuki-ignis/index345f.html]
[rentalmobilbatam.id/wp-content/themes/saudagarwp/assets/css/woo/images/icons/credit-cards/visa.168.delayed]
[rentalmobilbatam.id/wp-content/themes/saudagarwp/assets/css/woo/images/icons/credit-cards/mastercard.svg]
[rentalmobilbatam.id/wp-content/themes/saudagarwp/assets/css/woo/images/icons/credit-cards/laser.svg]
[rentalmobilbatam.id/wp-content/themes/saudagarwp/assets/css/woo/images/icons/credit-cards/diners.svg]
[rentalmobilbatam.id/wp-content/themes/saudagarwp/assets/css/woo/images/icons/credit-cards/maestro.svg]
[rentalmobilbatam.id/wp-content/themes/saudagarwp/assets/css/woo/images/icons/credit-cards/jcb.svg]
[rentalmobilbatam.id/wp-content/themes/saudagarwp/assets/css/woo/images/icons/credit-cards/amex.svg]
[rentalmobilbatam.id/wp-content/themes/saudagarwp/assets/css/woo/images/icons/credit-cards/discover.svg]
[rentalmobilbatam.id/wp-content/themes/saudagarwp/assets/css/woocommerce/checkout.min2fca.css]
[rentalmobilbatam.id/indexe2c5.html]
[rentalmobilbatam.id/keranjang-belanja/indexff0d.html]
[rentalmobilbatam.id/keranjang-belanja/index3141.html]
[rentalmobilbatam.id/keranjang-belanja/indexaada.html]
[rentalmobilbatam.id/keranjang-belanja/index9f56.html]
[rentalmobilbatam.id/keranjang-belanja/index8146.html]
[rentalmobilbatam.id/keranjang-belanja/index7cc5.html]
[rentalmobilbatam.id/keranjang-belanja/indexaf30.html]
[rentalmobilbatam.id/keranjang-belanja/index145e.html]
[rentalmobilbatam.id/keranjang-belanja/indexf17c.html]
[rentalmobilbatam.id/wp-content/plugins/webforia-checkout-field/assets/css/checkout-field.min91ce.css]
[rentalmobilbatam.id/index64b4.html]
[rentalmobilbatam.id/wp-content/plugins/woocommerce/assets/client/blocks/checkout556e.css]
[rentalmobilbatam.id/wp-content/plugins/woocommerce/assets/client/blocks/packages-style556e.css]
[rentalmobilbatam.id/wp-admin/admin-ajaxf809.html]
[rentalmobilbatam.id/mobil/rocky-lepas-kunci/index9a21.html]
[rentalmobilbatam.id/keranjang-belanja/indexaafe.html]
[rentalmobilbatam.id/mobil/rocky-lepas-kunci/indexa528.html]
[rentalmobilbatam.id/mobil/rocky-lepas-kunci/indexd9b3.html]
[rentalmobilbatam.id/mobil/rocky-lepas-kunci/index345f.html]
[rentalmobilbatam.id/mobil/alphard-all-in/index956b.html]
[rentalmobilbatam.id/mobil/rocky-lepas-kunci/index1c77.html]
[rentalmobilbatam.id/mobil/alphard-all-in/indexa528.html]
[rentalmobilbatam.id/mobil/alphard-all-in/indexae57.html]
[rentalmobilbatam.id/mobil/alphard-all-in/index1c77.html]
[rentalmobilbatam.id/mobil/toyota-fortuner/index1c77.html]
[rentalmobilbatam.id/mobil/alphard-all-in/index345f.html]
[rentalmobilbatam.id/mobil/toyota-fortuner/index0b74.html]
[rentalmobilbatam.id/mobil/toyota-fortuner/index956b.html]
[rentalmobilbatam.id/mobil/toyota-fortuner/indexae57.html]
[rentalmobilbatam.id/mobil/toyota-fortuner/index127c.html]
[rentalmobilbatam.id/mobil/hiace-commuter-all-in/index956b.html]
[rentalmobilbatam.id/mobil/hiace-commuter-all-in/index0b74.html]
[rentalmobilbatam.id/mobil/innova-zenix/index9a21.html]
[rentalmobilbatam.id/mobil/toyota-fortuner/indexd9b3.html]
[rentalmobilbatam.id/mobil/innova-zenix/index1c77.html]
[rentalmobilbatam.id/mobil/innova-zenix/indexd9b3.html]
[rentalmobilbatam.id/mobil/innova-zenix/index0b74.html]
[rentalmobilbatam.id/mobil/innova-zenix/indexae57.html]
[rentalmobilbatam.id/mobil/innova-zenix/index956b.html]
[rentalmobilbatam.id/mobil/innova-zenix/index345f.html]
[rentalmobilbatam.id/mobil/innova-reborn/index345f.html]
[rentalmobilbatam.id/mobil/innova-reborn/index0b74.html]
[rentalmobilbatam.id/mobil/innova-reborn/index127c.html]
[rentalmobilbatam.id/mobil/innova-reborn/index9a21.html]
[rentalmobilbatam.id/mobil/mobilio-lepas-kunci/index127c.html]
[rentalmobilbatam.id/mobil/mobilio-lepas-kunci/indexd9b3.html]
[rentalmobilbatam.id/mobil/innova-reborn/index1c77.html]
[rentalmobilbatam.id/mobil/mobilio-lepas-kunci/index345f.html]
[rentalmobilbatam.id/mobil/toyota-rush/indexd9b3.html]
[rentalmobilbatam.id/mobil/toyota-rush/index1c77.html]
[rentalmobilbatam.id/mobil/toyota-rush/indexae57.html]
[rentalmobilbatam.id/mobil/toyota-rush/index345f.html]
[rentalmobilbatam.id/mobil/toyota-rush/indexa528.html]
[rentalmobilbatam.id/mobil/agya-trd-lepas-kunci/index956b.html]
[rentalmobilbatam.id/mobil/agya-trd-lepas-kunci/indexa528.html]
[rentalmobilbatam.id/mobil/agya-trd-lepas-kunci/index1c77.html]
[rentalmobilbatam.id/mobil/brio-lepas-kunci/index1c77.html]
[rentalmobilbatam.id/mobil/brio-lepas-kunci/index956b.html]
[rentalmobilbatam.id/mobil/brio-lepas-kunci/index345f.html]
[rentalmobilbatam.id/mobil/mobilio-lepas-kunci/index1c77.html]
[rentalmobilbatam.id/mobil/daihatsu-xenia/index9a21.html]
[rentalmobilbatam.id/mobil/daihatsu-xenia/index956b.html]
[rentalmobilbatam.id/mobil/daihatsu-xenia/indexa528.html]
[rentalmobilbatam.id/mobil/daihatsu-xenia/index1c77.html]
[rentalmobilbatam.id/mobil/daihatsu-xenia/index0b74.html]
[rentalmobilbatam.id/mobil/daihatsu-xenia/indexd9b3.html]
[rentalmobilbatam.id/mobil/mitsubishi-xpander/index127c.html]
[rentalmobilbatam.id/mobil/mitsubishi-xpander/index956b.html]
[rentalmobilbatam.id/mobil/mitsubishi-xpander/indexa528.html]
[rentalmobilbatam.id/mobil/brio-lepas-kunci/index9a21.html]
[rentalmobilbatam.id/mobil/mitsubishi-xpander/index9a21.html]
[rentalmobilbatam.id/mobil/mitsubishi-xpander/index345f.html]
[rentalmobilbatam.id/mobil/toyota-avanza/index956b.html]
[rentalmobilbatam.id/mobil/mitsubishi-xpander/index1c77.html]
[rentalmobilbatam.id/mobil/toyota-avanza/index0b74.html]
[rentalmobilbatam.id/mobil/toyota-avanza/indexd9b3.html]
[rentalmobilbatam.id/mobil/toyota-avanza/index9a21.html]
[rentalmobilbatam.id/mobil/calya-lepas-kunci/index127c.html]
[rentalmobilbatam.id/mobil/calya-lepas-kunci/indexd9b3.html]
[rentalmobilbatam.id/mobil/calya-lepas-kunci/index956b.html]
[rentalmobilbatam.id/mobil/toyota-avanza/indexae57.html]
[rentalmobilbatam.id/mobil/calya-lepas-kunci/index9a21.html]
[rentalmobilbatam.id/mobil/agya-gr-lepas-kunci/index9a21.html]
[rentalmobilbatam.id/mobil/agya-gr-lepas-kunci/indexd9b3.html]
[rentalmobilbatam.id/mobil/agya-gr-lepas-kunci/indexa528.html]
[rentalmobilbatam.id/mobil/agya-gr-lepas-kunci/indexae57.html]
[rentalmobilbatam.id/mobil/suzuki-ignis/indexae57.html]
[rentalmobilbatam.id/mobil/suzuki-ignis/index345f.html]
[rentalmobilbatam.id/wp-content/themes/saudagarwp/assets/css/woo/images/icons/credit-cards/visa.html]
[rentalmobilbatam.id/wp-content/themes/saudagarwp/assets/css/woo/images/icons/credit-cards/mastercard.html]
[rentalmobilbatam.id/wp-content/themes/saudagarwp/assets/css/woo/images/icons/credit-cards/laser.html]
[rentalmobilbatam.id/wp-content/themes/saudagarwp/assets/css/woo/images/icons/credit-cards/diners.html]
[rentalmobilbatam.id/wp-content/themes/saudagarwp/assets/css/woo/images/icons/credit-cards/maestro.html]
[rentalmobilbatam.id/wp-content/themes/saudagarwp/assets/css/woo/images/icons/credit-cards/jcb.html]
[rentalmobilbatam.id/wp-content/themes/saudagarwp/assets/css/woo/images/icons/credit-cards/amex.html]
[rentalmobilbatam.id/wp-content/themes/saudagarwp/assets/css/woo/images/icons/credit-cards/discover.html]
[rentalmobilbatam.id/keranjang-belanja/indexaafe.html]
[rentalmobilbatam.id/keranjang-belanja/index8ca8.html]
[rentalmobilbatam.id/keranjang-belanja/indexa0f9.html]
[rentalmobilbatam.id/keranjang-belanja/index119e.html]
[rentalmobilbatam.id/keranjang-belanja/index9c98.html]
[rentalmobilbatam.id/keranjang-belanja/index4b9a.html]
[rentalmobilbatam.id/keranjang-belanja/indexdac3.html]
[rentalmobilbatam.id/mobil/rocky-lepas-kunci/index1c77.html]
[rentalmobilbatam.id/mobil/alphard-all-in/index345f.html]
[rentalmobilbatam.id/mobil/toyota-fortuner/indexd9b3.html]
[rentalmobilbatam.id/mobil/innova-zenix/indexd9b3.html]
[rentalmobilbatam.id/mobil/innova-zenix/index0b74.html]
[rentalmobilbatam.id/mobil/innova-zenix/index956b.html]
[rentalmobilbatam.id/mobil/innova-reborn/index1c77.html]
[rentalmobilbatam.id/mobil/mobilio-lepas-kunci/index1c77.html]
[rentalmobilbatam.id/mobil/brio-lepas-kunci/index9a21.html]
[rentalmobilbatam.id/mobil/mitsubishi-xpander/index1c77.html]
[rentalmobilbatam.id/mobil/toyota-avanza/indexae57.html]
[rentalmobilbatam.id/mobil/calya-lepas-kunci/index956b.html]
[rentalmobilbatam.id/keranjang-belanja/index57df.html]
[rentalmobilbatam.id/keranjang-belanja/index34a2.html]
[rentalmobilbatam.id/keranjang-belanja/index8cf0.html]
[rentalmobilbatam.id/keranjang-belanja/indexd158.html]
[rentalmobilbatam.id/keranjang-belanja/indexc51d.html]
[rentalmobilbatam.id/keranjang-belanja/index24c1.html]
[rentalmobilbatam.id/keranjang-belanja/index25f0.html]
[rentalmobilbatam.id/keranjang-belanja/index1dd7.html]
[rentalmobilbatam.id/keranjang-belanja/indexdadc.html]
[rentalmobilbatam.id/mobil/brio-lepas-kunci/indexa528.html]
[rentalmobilbatam.id/mobil/brio-lepas-kunci/indexa528.html]
[rentalmobilbatam.id/keranjang-belanja/index7f5e.html]
[rentalmobilbatam.id/keranjang-belanja/index949c.html]
